2026-10-03 [Expired] Amoxicillin (batch A200, qty 10) expired 18 day(s) ago
2026-10-03 [Critical] Paracetamol (batch P101, qty 30) expires in 17 day(s)
2026-10-03 [Warning] Cetirizine (batch C301, qty 6) expires in 59 day(s)
2026-10-03 [Low Stock] Cetirizine has only 6 usable unit(s); reorder threshold is 10
2026-10-03 [Warning] Insulin (batch I401, qty 4) expires in 48 day(s)
2026-10-03 [Low Stock] Insulin has only 4 usable unit(s); reorder threshold is 8
2026-10-03 [Low Stock] ORS Sachet has only 12 usable unit(s); reorder threshold is 25
2026-10-03 [Watch] Ibuprofen (batch B501, qty 60) expires in 88 day(s)
2026-10-04 [Expired] Amoxicillin (batch A200, qty 10) expired 19 day(s) ago
2026-10-04 [Critical] Paracetamol (batch P101, qty 30) expires in 16 day(s)
2026-10-04 [Warning] Cetirizine (batch C301, qty 6) expires in 58 day(s)
2026-10-04 [Low Stock] Cetirizine has only 6 usable unit(s); reorder threshold is 10
2026-10-04 [Warning] Insulin (batch I401, qty 4) expires in 47 day(s)
2026-10-04 [Low Stock] Insulin has only 4 usable unit(s); reorder threshold is 5
2026-10-04 [Low Stock] ORS Sachet has only 12 usable unit(s); reorder threshold is 25
2026-10-04 [Watch] Ibuprofen (batch B501, qty 60) expires in 87 day(s)
2026-10-04 [Expired] Amoxicillin (batch A200, qty 10) expired 19 day(s) ago
2026-10-04 [Critical] Paracetamol (batch P101, qty 30) expires in 16 day(s)
2026-10-04 [Warning] Cetirizine (batch C301, qty 6) expires in 58 day(s)
2026-10-04 [Low Stock] Cetirizine has only 6 usable unit(s); reorder threshold is 10
2026-10-04 [Warning] Insulin (batch I401, qty 4) expires in 47 day(s)
2026-10-04 [Low Stock] Insulin has only 4 usable unit(s); reorder threshold is 5
2026-10-04 [Low Stock] ORS Sachet has only 12 usable unit(s); reorder threshold is 25
2026-10-04 [Watch] Ibuprofen (batch B501, qty 60) expires in 87 day(s)
2026-10-04 [Expired] Amoxicillin (batch A200, qty 10) expired 19 day(s) ago
2026-10-04 [Critical] Paracetamol (batch P101, qty 20) expires in 16 day(s)
2026-10-04 [Warning] Cetirizine (batch C301, qty 5) expires in 58 day(s)
2026-10-04 [Low Stock] Cetirizine has only 5 usable unit(s); reorder threshold is 10
2026-10-04 [Warning] Insulin (batch I401, qty 4) expires in 47 day(s)
2026-10-04 [Low Stock] Insulin has only 4 usable unit(s); reorder threshold is 5
2026-10-04 [Low Stock] ORS Sachet has only 12 usable unit(s); reorder threshold is 25
2026-10-04 [Watch] Ibuprofen (batch B501, qty 60) expires in 87 day(s)
2026-10-04 [Expired] Amoxicillin (batch A200, qty 10) expired 19 day(s) ago
2026-10-04 [Critical] Paracetamol (batch P101, qty 20) expires in 16 day(s)
2026-10-04 [Warning] Cetirizine (batch C301, qty 5) expires in 58 day(s)
2026-10-04 [Low Stock] Cetirizine has only 5 usable unit(s); reorder threshold is 10
2026-10-04 [Warning] Insulin (batch I401, qty 4) expires in 47 day(s)
2026-10-04 [Low Stock] Insulin has only 4 usable unit(s); reorder threshold is 5
2026-10-04 [Low Stock] ORS Sachet has only 12 usable unit(s); reorder threshold is 25
2026-10-04 [Watch] Ibuprofen (batch B501, qty 60) expires in 87 day(s)
